DEBUGPRINT: result = 24.000000
DEBUGPRINT: res = 24.000000
