DEBUGPRINT: x = 5.000000
DEBUGPRINT: y = 8.000000
DEBUGPRINT: 王马克 = 13.000000
