DEBUGPRINT: ::__TMP1 = 40.000000
DEBUGPRINT: ::__TMP2 = 6.000000
DEBUGPRINT: 王马克 = 46.000000
