DEBUGPRINT: asdfasdfasdf_zxcvz_xcvxv = 120.000000
